 bootloader

 Timestamp is 67c09ff2 (Thu Feb 27 17:25:06 2025)

 Preferred load address is 0000000000000000

 Start         Length     Name                   Class
 0001:00000000 00001f53H .text$mn                CODE
 0002:00000000 000019a8H .rdata                  DATA
 0002:000019a8 00000018H .rdata$voltmd           DATA
 0002:000019c0 00000104H .rdata$zzzdbg           DATA
 0002:00001ac4 000000e0H .xdata                  DATA
 0002:00001ba4 00000000H .edata                  DATA
 0003:00000000 00000120H .data                   DATA
 0003:00000120 00000088H .bss                    DATA
 0004:00000000 000000f0H .pdata                  DATA

  Address         Publics by Value              Rva+Base               Lib:Object

 0000:00000000       __AbsoluteZero             0000000000000000     <absolute>
 0000:00000000       ___safe_se_handler_count   0000000000000000     <absolute>
 0000:00000000       ___safe_se_handler_table   0000000000000000     <absolute>
 0000:00000000       __arm64x_extra_rfe_table   0000000000000000     <absolute>
 0000:00000000       __arm64x_extra_rfe_table_size 0000000000000000     <absolute>
 0000:00000000       __arm64x_native_entrypoint 0000000000000000     <absolute>
 0000:00000000       __arm64x_redirection_metadata 0000000000000000     <absolute>
 0000:00000000       __arm64x_redirection_metadata_count 0000000000000000     <absolute>
 0000:00000000       __dynamic_value_reloc_table 0000000000000000     <absolute>
 0000:00000000       __enclave_config           0000000000000000     <absolute>
 0000:00000000       __guard_check_icall_a64n_fptr 0000000000000000     <absolute>
 0000:00000000       __guard_eh_cont_count      0000000000000000     <absolute>
 0000:00000000       __guard_eh_cont_table      0000000000000000     <absolute>
 0000:00000000       __guard_fids_count         0000000000000000     <absolute>
 0000:00000000       __guard_fids_table         0000000000000000     <absolute>
 0000:00000000       __guard_flags              0000000000000000     <absolute>
 0000:00000000       __guard_iat_count          0000000000000000     <absolute>
 0000:00000000       __guard_iat_table          0000000000000000     <absolute>
 0000:00000000       __guard_longjmp_count      0000000000000000     <absolute>
 0000:00000000       __guard_longjmp_table      0000000000000000     <absolute>
 0000:00000000       __hybrid_auxiliary_delayload_iat 0000000000000000     <absolute>
 0000:00000000       __hybrid_auxiliary_delayload_iat_copy 0000000000000000     <absolute>
 0000:00000000       __hybrid_auxiliary_iat     0000000000000000     <absolute>
 0000:00000000       __hybrid_auxiliary_iat_copy 0000000000000000     <absolute>
 0000:00000000       __hybrid_code_map          0000000000000000     <absolute>
 0000:00000000       __hybrid_code_map_count    0000000000000000     <absolute>
 0000:00000000       __hybrid_image_info_bitfield 0000000000000000     <absolute>
 0000:00000000       __x64_code_ranges_to_entry_points 0000000000000000     <absolute>
 0000:00000000       __x64_code_ranges_to_entry_points_count 0000000000000000     <absolute>
 0001:00000000       TRY                        0000000000001000 f   UefiMain.obj
 0001:00000034       getc                       0000000000001034 f   UefiMain.obj
 0001:00000090       print_memmap               0000000000001090 f   UefiMain.obj
 0001:00000210       UefiMain                   0000000000001210 f   UefiMain.obj
 0001:000006e8       UnicodeVSPrint             00000000000016e8 f   BasePrintLib:PrintLib.obj
 0001:00000790       UnicodeSPrint              0000000000001790 f   BasePrintLib:PrintLib.obj
 0001:000007b0       UnicodeVSPrintAsciiFormat  00000000000017b0 f   BasePrintLib:PrintLib.obj
 0001:00000830       UnicodeSPrintAsciiFormat   0000000000001830 f   BasePrintLib:PrintLib.obj
 0001:00000850       BasePrintLibFillBuffer     0000000000001850 f   BasePrintLib:PrintLibInternal.obj
 0001:00000884       BasePrintLibValueToString  0000000000001884 f   BasePrintLib:PrintLibInternal.obj
 0001:000008f8       BasePrintLibSPrintMarker   00000000000018f8 f   BasePrintLib:PrintLibInternal.obj
 0001:00001904       BasePrintLibSPrint         0000000000002904 f   BasePrintLib:PrintLibInternal.obj
 0001:00001928       InternalPrint              0000000000002928 f   UefiLib:UefiLibPrint.obj
 0001:00001a40       Print                      0000000000002a40 f   UefiLib:UefiLibPrint.obj
 0001:00001a70       DebugPrint                 0000000000002a70 f   UefiDebugLibConOut:DebugLib.obj
 0001:00001b04       DebugAssert                0000000000002b04 f   UefiDebugLibConOut:DebugLib.obj
 0001:00001b84       InternalAllocatePool       0000000000002b84 f   UefiMemoryAllocationLib:MemoryAllocationLib.obj
 0001:00001bbc       FreePool                   0000000000002bbc f   UefiMemoryAllocationLib:MemoryAllocationLib.obj
 0001:00001c10       EfiMain                    0000000000002c10 f   UefiApplicationEntryPoint:ApplicationEntryPoint.obj
 0001:00001c44       ProcessLibraryConstructorList 0000000000002c44 f   GlueLib:initlib.obj
 0001:00001ef4       StrnLenS                   0000000000002ef4 f   BaseLib:SafeString.obj
 0002:00000000       ??_C@_06CLEOMOHP@OpliOS@   0000000000003000     UefiMain.obj
 0002:00000008       ??_C@_1BK@GKEGGLDF@?$AA?$FL?$AA?5?$AA?$CF?$AAr?$AA?5?$AA?$FN?$AA?5?$AA?9?$AA?5?$AA?$CF?$AAs?$AA?6@ 0000000000003008     UefiMain.obj
 0002:00000030       ??_C@_1EI@PKFHPJLI@?$AAM?$AAe?$AAm?$AAM?$AAa?$AAp?$AA?5?$AAA?$AAl?$AAl?$AAo?$AAc?$AAa?$AAt?$AAe@ 0000000000003030     UefiMain.obj
 0002:00000080       ??_C@_1GA@EGGKGDJD@?$AAE?$AAr?$AAr?$AAo?$AAr?$AA?5?$AAg?$AAe?$AAt?$AAt?$AAi?$AAn?$AAg?$AA?5?$AAm@ 0000000000003080     UefiMain.obj
 0002:000000e0       ??_C@_1JM@EKAHJCJI@?$AAM?$AAe?$AAm?$AAM?$AAa?$AAp?$AAS?$AAi?$AAz?$AAe?$AA?3?$AA?5?$AA?$CF?$AAl?$AAl@ 00000000000030e0     UefiMain.obj
 0002:00000180       ??_C@_1IO@PNJLHJIP@?$AA?$CD?$AA?5?$AA?5?$AA?5?$AAM?$AAe?$AAm?$AAo?$AAr?$AAy?$AA?5?$AAT?$AAy?$AAp?$AAe@ 0000000000003180     UefiMain.obj
 0002:00000210       ??_C@_1EE@BKAONEDC@?$AA?$CF?$AA2?$AAd?$AA?3?$AA?5?$AA?$CF?$AAs?$AA?5?$AA0?$AAx?$AA?$CF?$AA0?$AA1?$AA6?$AAl@ 0000000000003210     UefiMain.obj
 0002:00000260       ??_C@_1FE@JJMMNDCI@?$AAE?$AAr?$AAr?$AAo?$AAr?$AA?5?$AAf?$AAr?$AAe?$AAe?$AAi?$AAn?$AAg?$AA?5?$AAp@ 0000000000003260     UefiMain.obj
 0002:000002b8       ??_C@_1CO@FCKDOGEL@?$AAF?$AAa?$AAi?$AAl?$AAe?$AAd?$AA?5?$AAt?$AAo?$AA?5?$AAc?$AAl?$AAe?$AAa?$AAr@ 00000000000032b8     UefiMain.obj
 0002:000002e8       ??_C@_1M@NBBDDHIO@?$AAw?$AAo?$AAr?$AAl?$AAd@ 00000000000032e8     UefiMain.obj
 0002:000002f8       ??_C@_1BG@JOLGNJIA@?$AAH?$AAe?$AAl?$AAl?$AAo?$AA?0?$AA?5?$AA?$CF?$AAs?$AA?6@ 00000000000032f8     UefiMain.obj
 0002:00000310       ??_C@_1CG@KJIFFOAI@?$AAF?$AAa?$AAi?$AAl?$AAe?$AAd?$AA?5?$AAt?$AAo?$AA?5?$AAg?$AAe?$AAt?$AA?5?$AAt@ 0000000000003310     UefiMain.obj
 0002:00000340       ??_C@_1EK@OHKLGHKH@?$AA?$CF?$AA0?$AA2?$AAd?$AA?1?$AA?$CF?$AA0?$AA2?$AAd?$AA?1?$AA?$CF?$AA0?$AA4?$AAd?$AA?5@ 0000000000003340     UefiMain.obj
 0002:00000390       ??_C@_1DM@ILLAFNJN@?$AAF?$AAa?$AAi?$AAl?$AAe?$AAd?$AA?5?$AAt?$AAo?$AA?5?$AAc?$AAr?$AAe?$AAa?$AAt@ 0000000000003390     UefiMain.obj
 0002:000003d0       ??_C@_1KE@GELFONFM@?$AAC?$AAo?$AAn?$AAt?$AAi?$AAn?$AAu?$AAi?$AAn?$AAg?$AA?5?$AAi?$AAn?$AA?5?$AA?$CF@ 00000000000033d0     UefiMain.obj
 0002:00000478       ??_C@_1DG@KPOCOKFJ@?$AA?6?$AAE?$AAr?$AAr?$AAo?$AAr?$AA?5?$AAs?$AAe?$AAt?$AAt?$AAi?$AAn?$AAg?$AA?5@ 0000000000003478     UefiMain.obj
 0002:000004b0       ??_C@_1DA@KNBOBFPN@?$AAE?$AAr?$AAr?$AAo?$AAr?$AA?5?$AAr?$AAe?$AAa?$AAd?$AAi?$AAn?$AAg?$AA?5?$AAk@ 00000000000034b0     UefiMain.obj
 0002:000004e0       ??_C@_1CC@CHEPKNAI@?$AA?6?$AAT?$AAi?$AAm?$AAe?$AAr?$AA?5?$AAs?$AAt?$AAo?$AAp?$AAp?$AAe?$AAd?$AA?4@ 00000000000034e0     UefiMain.obj
 0002:00000504       ??_C@_13LBAGMAIH@?$AA?6@   0000000000003504     UefiMain.obj
 0002:00000508       ??_C@_1DK@PKIPGOCN@?$AAE?$AAr?$AAr?$AAo?$AAr?$AA?5?$AAr?$AAe?$AAs?$AAe?$AAt?$AAt?$AAi?$AAn?$AAg@ 0000000000003508     UefiMain.obj
 0002:00000544       ??_C@_15JNBOKNOG@?$AA?$AN?$AA?6@ 0000000000003544     UefiMain.obj
 0002:00000550       ??_C@_1BAM@BGOKOOIN@?$AAE?$AAF?$AAI?$AA?5?$AAS?$AAy?$AAs?$AAt?$AAe?$AAm?$AA?5?$AAT?$AAa?$AAb?$AAl@ 0000000000003550     UefiMain.obj
 0002:00000660       ??_C@_1HA@BDLMCKNN@?$AA?5?$AA?5?$AA?5?$AAF?$AAi?$AAr?$AAm?$AAw?$AAa?$AAr?$AAe?$AA?5?$AAV?$AAe?$AAn@ 0000000000003660     UefiMain.obj
 0002:000006d0       ??_C@_1GE@PHDAPCMH@?$AA?$CF?$AAl?$AAl?$AAu?$AA?5?$AAs?$AAy?$AAs?$AAt?$AAe?$AAm?$AA?5?$AAc?$AAo?$AAn@ 00000000000036d0     UefiMain.obj
 0002:00000740       ??_C@_1II@FLHGOBLN@?$AAT?$AAa?$AAb?$AAl?$AAe?$AA?5?$AA?$CF?$AAl?$AAl?$AAu?$AA?5?$AAG?$AAU?$AAI?$AAD@ 0000000000003740     UefiMain.obj
 0002:000007c8       ??_C@_1CE@GKBFDAGK@?$AAR?$AAS?$AAD?$AAP?$AA?5?$AA2?$AA?4?$AA0?$AA?5?$AAf?$AAo?$AAu?$AAn?$AAd?$AA?$CB@ 00000000000037c8     UefiMain.obj
 0002:000007f0       ??_C@_1CE@JIECNNJC@?$AAR?$AAS?$AAD?$AAP?$AA?5?$AA1?$AA?4?$AA0?$AA?5?$AAf?$AAo?$AAu?$AAn?$AAd?$AA?$CB@ 00000000000037f0     UefiMain.obj
 0002:00000818       ??_C@_1CM@IDHJOEIH@?$AAS?$AAy?$AAs?$AAt?$AAe?$AAm?$AA?5?$AAh?$AAa?$AAs?$AA?5?$AAn?$AAo?$AA?5?$AAR@ 0000000000003818     UefiMain.obj
 0002:00000848       ??_C@_1CO@NDMFMFGE@?$AA?6?$AAD?$AAo?$AAn?$AAe?$AA?5?$AAp?$AAr?$AAi?$AAn?$AAt?$AAi?$AAn?$AAg?$AA?5@ 0000000000003848     UefiMain.obj
 0002:00000be0       gEfiCallerBaseName         0000000000003be0     UefiMain.obj
 0002:00000be8       _gUefiDriverRevision       0000000000003be8     UefiMain.obj
 0002:00000bec       _PCD_GET_MODE_32_PcdMaximumAsciiStringLength 0000000000003bec     GlueLib:pcd.obj
 0002:00000bf0       mStatusString              0000000000003bf0     BasePrintLib:PrintLibInternal.obj
 0002:00000d28       mHexStr                    0000000000003d28     BasePrintLib:PrintLibInternal.obj
 0002:00000d38       _PCD_GET_MODE_32_PcdMaximumUnicodeStringLength 0000000000003d38     GlueLib:pcd.obj
 0002:00000d3c       _PCD_GET_MODE_32_PcdUefiLibMaxPrintBufferSize 0000000000003d3c     GlueLib:pcd.obj
 0002:00000d40       _PCD_GET_MODE_32_PcdFixedDebugPrintErrorLevel 0000000000003d40     GlueLib:pcd.obj
 0002:00000d44       _PCD_GET_MODE_32_PcdDebugPrintErrorLevel 0000000000003d44     GlueLib:pcd.obj
 0002:00000d48       mUefiDevicePathLibEndDevicePath 0000000000003d48     UefiDevicePathLibDevicePathProtocol:UefiDevicePathLib.obj
 0002:00000d50       ??_C@_0CI@BGLNHBLM@?$CI?$CI?$CIUINTN?$CJ?5?$CIStartOfBuffer?$CJ?$CJ?5?$CG?50x@ 0000000000003d50     BasePrintLib:PrintLib.obj
 0002:00000d80       ??_C@_0FC@GJJADNOL@C?3?2Users?2Opli?2source?2repos?2Visu@ 0000000000003d80     BasePrintLib:PrintLib.obj
 0002:00000dd8       ??_C@_0CH@KJLBGOBB@?$CI?$CI?$CIUINTN?$CJ?5?$CIFormatString?$CJ?$CJ?5?$CG?50x0@ 0000000000003dd8     BasePrintLib:PrintLib.obj
 0002:00000e00       ??_C@_07PBILKAFL@Success@  0000000000003e00     BasePrintLib:PrintLibInternal.obj
 0002:00000e08       ??_C@_0BG@CFJMNNJK@Warning?5Unknown?5Glyph@ 0000000000003e08     BasePrintLib:PrintLibInternal.obj
 0002:00000e20       ??_C@_0BH@GKKCJEPJ@Warning?5Delete?5Failure@ 0000000000003e20     BasePrintLib:PrintLibInternal.obj
 0002:00000e38       ??_C@_0BG@ECIJMOED@Warning?5Write?5Failure@ 0000000000003e38     BasePrintLib:PrintLibInternal.obj
 0002:00000e50       ??_C@_0BJ@ODIPDGHB@Warning?5Buffer?5Too?5Small@ 0000000000003e50     BasePrintLib:PrintLibInternal.obj
 0002:00000e70       ??_C@_0BD@IFJNJCCO@Warning?5Stale?5Data@ 0000000000003e70     BasePrintLib:PrintLibInternal.obj
 0002:00000e88       ??_C@_0L@PLPBEPPC@Load?5Error@ 0000000000003e88     BasePrintLib:PrintLibInternal.obj
 0002:00000e98       ??_C@_0BC@HOFHKGJN@Invalid?5Parameter@ 0000000000003e98     BasePrintLib:PrintLibInternal.obj
 0002:00000eb0       ??_C@_0M@BEECMOIL@Unsupported@ 0000000000003eb0     BasePrintLib:PrintLibInternal.obj
 0002:00000ec0       ??_C@_0BA@FLNMPMCF@Bad?5Buffer?5Size@ 0000000000003ec0     BasePrintLib:PrintLibInternal.obj
 0002:00000ed0       ??_C@_0BB@EGELJFOB@Buffer?5Too?5Small@ 0000000000003ed0     BasePrintLib:PrintLibInternal.obj
 0002:00000ee8       ??_C@_09NKFGCIPN@Not?5Ready@ 0000000000003ee8     BasePrintLib:PrintLibInternal.obj
 0002:00000ef8       ??_C@_0N@HHEABDHO@Device?5Error@ 0000000000003ef8     BasePrintLib:PrintLibInternal.obj
 0002:00000f08       ??_C@_0BA@LNEDDFNB@Write?5Protected@ 0000000000003f08     BasePrintLib:PrintLibInternal.obj
 0002:00000f18       ??_C@_0BB@GOILNEAA@Out?5of?5Resources@ 0000000000003f18     BasePrintLib:PrintLibInternal.obj
 0002:00000f30       ??_C@_0P@EIOJGIF@Volume?5Corrupt@ 0000000000003f30     BasePrintLib:PrintLibInternal.obj
 0002:00000f40       ??_C@_0M@HDLEPOFA@Volume?5Full@ 0000000000003f40     BasePrintLib:PrintLibInternal.obj
 0002:00000f50       ??_C@_08KEGAJDNN@No?5Media@ 0000000000003f50     BasePrintLib:PrintLibInternal.obj
 0002:00000f60       ??_C@_0O@JNCJKCCD@Media?5changed@ 0000000000003f60     BasePrintLib:PrintLibInternal.obj
 0002:00000f70       ??_C@_09CFCBFJND@Not?5Found@ 0000000000003f70     BasePrintLib:PrintLibInternal.obj
 0002:00000f80       ??_C@_0O@NFHOBIDO@Access?5Denied@ 0000000000003f80     BasePrintLib:PrintLibInternal.obj
 0002:00000f90       ??_C@_0M@ENKCBFEP@No?5Response@ 0000000000003f90     BasePrintLib:PrintLibInternal.obj
 0002:00000fa0       ??_C@_0L@IFPBNFC@No?5mapping@ 0000000000003fa0     BasePrintLib:PrintLibInternal.obj
 0002:00000fb0       ??_C@_08PAFJCNGP@Time?5out@ 0000000000003fb0     BasePrintLib:PrintLibInternal.obj
 0002:00000fc0       ??_C@_0M@DCJFAFHJ@Not?5started@ 0000000000003fc0     BasePrintLib:PrintLibInternal.obj
 0002:00000fd0       ??_C@_0BA@IGIBFFPH@Already?5started@ 0000000000003fd0     BasePrintLib:PrintLibInternal.obj
 0002:00000fe0       ??_C@_07LCKDCBKK@Aborted@  0000000000003fe0     BasePrintLib:PrintLibInternal.obj
 0002:00000fe8       ??_C@_0L@LKIFCMNO@ICMP?5Error@ 0000000000003fe8     BasePrintLib:PrintLibInternal.obj
 0002:00000ff8       ??_C@_0L@DJKNJKHM@TFTP?5Error@ 0000000000003ff8     BasePrintLib:PrintLibInternal.obj
 0002:00001008       ??_C@_0P@NCJHBCLM@Protocol?5Error@ 0000000000004008     BasePrintLib:PrintLibInternal.obj
 0002:00001018       ??_C@_0BF@EHOBGFMI@Incompatible?5Version@ 0000000000004018     BasePrintLib:PrintLibInternal.obj
 0002:00001030       ??_C@_0BD@KHMPCIOG@Security?5Violation@ 0000000000004030     BasePrintLib:PrintLibInternal.obj
 0002:00001048       ??_C@_09BOMAGJEG@CRC?5Error@ 0000000000004048     BasePrintLib:PrintLibInternal.obj
 0002:00001058       ??_C@_0N@JEJDHPO@End?5of?5Media@ 0000000000004058     BasePrintLib:PrintLibInternal.obj
 0002:00001068       ??_C@_0O@NMJOLAMF@Reserved?5?$CI29?$CJ@ 0000000000004068     BasePrintLib:PrintLibInternal.obj
 0002:00001078       ??_C@_0O@GLPDOMCP@Reserved?5?$CI30?$CJ@ 0000000000004078     BasePrintLib:PrintLibInternal.obj
 0002:00001088       ??_C@_0M@FKGOBENP@End?5of?5File@ 0000000000004088     BasePrintLib:PrintLibInternal.obj
 0002:00001098       ??_C@_0BB@KFJAMCOC@Invalid?5Language@ 0000000000004098     BasePrintLib:PrintLibInternal.obj
 0002:000010b0       ??_C@_0BB@MFGDFIJM@Compromised?5Data@ 00000000000040b0     BasePrintLib:PrintLibInternal.obj
 0002:000010c8       ??_C@_0BH@IACGKAP@Buffer?5?$CB?$DN?5?$CI?$CIvoid?5?$CK?$CJ?50?$CJ@ 00000000000040c8     BasePrintLib:PrintLibInternal.obj
 0002:000010e0       ??_C@_0FK@MHLHCADH@C?3?2Users?2Opli?2source?2repos?2Visu@ 00000000000040e0     BasePrintLib:PrintLibInternal.obj
 0002:00001140       ??_C@_0BJ@CNKJJNE@?$CIBuffer?5?$CB?$DN?5?$CI?$CIvoid?5?$CK?$CJ?50?$CJ?$CJ@ 0000000000004140     BasePrintLib:PrintLibInternal.obj
 0002:00001160       ??_C@_0DP@HLMPJDED@?$CIBufferSize?5?$DM?$DN?5?$CI_PCD_GET_MODE_3@ 0000000000004160     BasePrintLib:PrintLibInternal.obj
 0002:000011a0       ??_C@_0BJ@PPAKKDJG@?$CIFormat?5?$CB?$DN?5?$CI?$CIvoid?5?$CK?$CJ?50?$CJ?$CJ@ 00000000000041a0     BasePrintLib:PrintLibInternal.obj
 0002:000011c0       ??_C@_0EB@GALGBGPL@?$CIBufferSize?5?$DM?$DN?5?$CI_PCD_GET_MODE_3@ 00000000000041c0     BasePrintLib:PrintLibInternal.obj
 0002:00001210       ??_C@_0II@GOBFNPGB@?$CIStrnLenS?5?$CI?$CICHAR16?5?$CK?$CJFormat?0?5?$CI_@ 0000000000004210     BasePrintLib:PrintLibInternal.obj
 0002:000012a0       ??_C@_0HP@IJHCJIFF@?$CIAsciiStrnLenS?5?$CIFormat?0?5?$CI_PCD_G@ 00000000000042a0     BasePrintLib:PrintLibInternal.obj
 0002:00001320       ??_C@_0O@MLOLIMFM@?$DMnull?5string?$DO@ 0000000000004320     BasePrintLib:PrintLibInternal.obj
 0002:00001330       ??_C@_0M@BJJDNPHK@?$DMnull?5guid?$DO@ 0000000000004330     BasePrintLib:PrintLibInternal.obj
 0002:00001340       ??_C@_0DB@PMLHLBMO@?$CF08x?9?$CF04x?9?$CF04x?9?$CF02x?$CF02x?9?$CF02x?$CF02@ 0000000000004340     BasePrintLib:PrintLibInternal.obj
 0002:00001378       ??_C@_0M@LHGBCIKM@?$DMnull?5time?$DO@ 0000000000004378     BasePrintLib:PrintLibInternal.obj
 0002:00001388       ??_C@_0BK@FCPKCIDD@?$CF02d?1?$CF02d?1?$CF04d?5?5?$CF02d?3?$CF02d@ 0000000000004388     BasePrintLib:PrintLibInternal.obj
 0002:000013a4       ??_C@_04JIMNDDED@?$CF08X@  00000000000043a4     BasePrintLib:PrintLibInternal.obj
 0002:000013ac       ??_C@_02PCIJFNDE@?$AN?6@   00000000000043ac     BasePrintLib:PrintLibInternal.obj
 0002:000013b0       ??_C@_01LIIJDEN@?$AN@      00000000000043b0     BasePrintLib:PrintLibInternal.obj
 0002:000013b8       ??_C@_0BH@LKMBFCBF@Format?5?$CB?$DN?5?$CI?$CIvoid?5?$CK?$CJ?50?$CJ@ 00000000000043b8     UefiLib:UefiLibPrint.obj
 0002:000013d0       ??_C@_0FB@KNLNFFMO@C?3?2Users?2Opli?2source?2repos?2Visu@ 00000000000043d0     UefiLib:UefiLibPrint.obj
 0002:00001428       ??_C@_0CD@NJDNMGBE@?$CI?$CIUINTN?$CJ?5Format?5?$CG?50x00000001?$CJ?5?$DN@ 0000000000004428     UefiLib:UefiLibPrint.obj
 0002:00001450       ??_C@_0BI@DIKLKBJC@Console?5?$CB?$DN?5?$CI?$CIvoid?5?$CK?$CJ?50?$CJ@ 0000000000004450     UefiLib:UefiLibPrint.obj
 0002:00001468       ??_C@_0BN@COECPDCC@gImageHandle?5?$CB?$DN?5?$CI?$CIvoid?5?$CK?$CJ?50?$CJ@ 0000000000004468     UefiBootServicesTableLib:UefiBootServicesTableLib.obj
 0002:00001490       ??_C@_0GO@HHCHPEOF@C?3?2Users?2Opli?2source?2repos?2Visu@ 0000000000004490     UefiBootServicesTableLib:UefiBootServicesTableLib.obj
 0002:00001500       ??_C@_0BE@DGNHAHIL@gST?5?$CB?$DN?5?$CI?$CIvoid?5?$CK?$CJ?50?$CJ@ 0000000000004500     UefiBootServicesTableLib:UefiBootServicesTableLib.obj
 0002:00001518       ??_C@_0BE@BDFJLGLN@gBS?5?$CB?$DN?5?$CI?$CIvoid?5?$CK?$CJ?50?$CJ@ 0000000000004518     UefiBootServicesTableLib:UefiBootServicesTableLib.obj
 0002:00001530       ??_C@_0FI@CDONBHF@C?3?2Users?2Opli?2source?2repos?2Visu@ 0000000000004530     UefiDebugLibConOut:DebugLib.obj
 0002:00001588       ??_C@_0BI@NOCKJDBJ@ASSERT?5?$FL?$CFa?$FN?5?$CFa?$CI?$CFd?$CJ?3?5?$CFa?6@ 0000000000004588     UefiDebugLibConOut:DebugLib.obj
 0002:000015a0       ??_C@_0GI@NCMNDGAA@C?3?2Users?2Opli?2source?2repos?2Visu@ 00000000000045a0     UefiMemoryAllocationLib:MemoryAllocationLib.obj
 0002:00001608       ??_C@_0CB@DMEJJJHA@?6ASSERT_EFI_ERROR?5?$CIStatus?5?$DN?5?$CFr?$CJ@ 0000000000004608     UefiMemoryAllocationLib:MemoryAllocationLib.obj
 0002:00001630       ??_C@_0BE@DCHLEIGN@?$CBEFI_ERROR?5?$CIStatus?$CJ@ 0000000000004630     UefiMemoryAllocationLib:MemoryAllocationLib.obj
 0002:00001650       ??_C@_0EO@KMECCANK@C?3?2Users?2Opli?2source?2repos?2Visu@ 0000000000004650     BaseLib:Unaligned.obj
 0002:000016a0       ??_C@_0N@KGHEHMDL@Divisor?5?$CB?$DN?50@ 00000000000046a0     BaseLib:DivU64x32Remainder.obj
 0002:000016b0       ??_C@_0FH@JCJEOJHA@C?3?2Users?2Opli?2source?2repos?2Visu@ 00000000000046b0     BaseLib:DivU64x32Remainder.obj
 0002:00001708       ??_C@_0CD@BDCLIGHD@?$CI?$CIUINTN?$CJ?5String?5?$CG?50x00000001?$CJ?5?$DN@ 0000000000004708     BaseLib:SafeString.obj
 0002:00001730       ??_C@_0EP@GFFMGEKL@C?3?2Users?2Opli?2source?2repos?2Visu@ 0000000000004730     BaseLib:SafeString.obj
 0002:00001780       ??_C@_0BE@OBDFIHND@gRT?5?$CB?$DN?5?$CI?$CIvoid?5?$CK?$CJ?50?$CJ@ 0000000000004780     UefiRuntimeServicesTableLib:UefiRuntimeServicesTableLib.obj
 0002:000017a0       ??_C@_0HE@NOMNGPNH@C?3?2Users?2Opli?2source?2repos?2Visu@ 00000000000047a0     UefiRuntimeServicesTableLib:UefiRuntimeServicesTableLib.obj
 0002:00001820       ??_C@_0HC@GFONKHIP@C?3?2Users?2Opli?2source?2repos?2Visu@ 0000000000004820     UefiDevicePathLibDevicePathProtocol:UefiDevicePathLib.obj
 0002:00001898       ??_C@_0DC@CNNBPJA@mDevicePathLibDevicePathUtiliti@ 0000000000004898     UefiDevicePathLibDevicePathProtocol:UefiDevicePathLib.obj
 0002:000018d0       ??_C@_0GI@LLLCGPMB@C?3?2Users?2Opli?2source?2repos?2Visu@ 00000000000048d0     UefiHiiServicesLib:UefiHiiServicesLib.obj
 0002:000019a8       __volatile_metadata        00000000000049a8     <linker-defined>
 0003:00000000       mEfiColors                 0000000000005000     UefiLib:UefiLibPrint.obj
 0003:00000040       gEfiSimpleTextOutProtocolGuid 0000000000005040     GlueLib:guid.obj
 0003:00000050       gEfiGraphicsOutputProtocolGuid 0000000000005050     GlueLib:guid.obj
 0003:00000060       gEfiUgaDrawProtocolGuid    0000000000005060     GlueLib:guid.obj
 0003:00000070       gEfiHiiFontProtocolGuid    0000000000005070     GlueLib:guid.obj
 0003:00000080       gEfiGlobalVariableGuid     0000000000005080     GlueLib:guid.obj
 0003:00000090       gEfiDevicePathProtocolGuid 0000000000005090     GlueLib:guid.obj
 0003:000000a0       gEfiDevicePathToTextProtocolGuid 00000000000050a0     GlueLib:guid.obj
 0003:000000b0       gEfiHiiConfigRoutingProtocolGuid 00000000000050b0     GlueLib:guid.obj
 0003:000000c0       gEfiHiiImageProtocolGuid   00000000000050c0     GlueLib:guid.obj
 0003:000000d0       gEfiDevicePathUtilitiesProtocolGuid 00000000000050d0     GlueLib:guid.obj
 0003:000000e0       gEfiDevicePathFromTextProtocolGuid 00000000000050e0     GlueLib:guid.obj
 0003:000000f0       gEfiHiiDatabaseProtocolGuid 00000000000050f0     GlueLib:guid.obj
 0003:00000100       gEfiSimpleFileSystemProtocolGuid 0000000000005100     GlueLib:guid.obj
 0003:00000110       gEfiHiiStringProtocolGuid  0000000000005110     GlueLib:guid.obj
 0003:00000120       gBS                        0000000000005120     UefiBootServicesTableLib:UefiBootServicesTableLib.obj
 0003:00000128       gST                        0000000000005128     UefiBootServicesTableLib:UefiBootServicesTableLib.obj
 0003:00000130       gImageHandle               0000000000005130     UefiBootServicesTableLib:UefiBootServicesTableLib.obj
 0003:00000138       _PCD_GET_MODE_8_PcdDebugPropertyMask 0000000000005138     GlueLib:pcd.obj
 0003:00000140       gRT                        0000000000005140     UefiRuntimeServicesTableLib:UefiRuntimeServicesTableLib.obj
 0003:00000148       mDevicePathLibDevicePathUtilities 0000000000005148     UefiDevicePathLibDevicePathProtocol:UefiDevicePathLib.obj
 0003:00000150       gHiiString                 0000000000005150     UefiHiiServicesLib:UefiHiiServicesLib.obj
 0003:00000158       gHiiFont                   0000000000005158     UefiHiiServicesLib:UefiHiiServicesLib.obj
 0003:00000160       gHiiConfigRouting          0000000000005160     UefiHiiServicesLib:UefiHiiServicesLib.obj
 0003:00000168       gHiiImage                  0000000000005168     UefiHiiServicesLib:UefiHiiServicesLib.obj
 0003:00000170       gHiiDatabase               0000000000005170     UefiHiiServicesLib:UefiHiiServicesLib.obj
 0003:000001a0       LAST_ERROR                 00000000000051a0     <common>

 entry point at        0001:00001c10

 Static symbols

 0002:00000880       mem_types                  0000000000003880     UefiMain.obj
 0002:00001ac4       $unwind$TRY                0000000000004ac4     UefiMain.obj
 0002:00001ac4       $unwind$StrnLenS           0000000000004ac4     BaseLib:SafeString.obj
 0002:00001ac4       $unwind$EfiMain            0000000000004ac4     UefiApplicationEntryPoint:ApplicationEntryPoint.obj
 0002:00001acc       $unwind$getc               0000000000004acc     UefiMain.obj
 0002:00001ad4       $unwind$print_memmap       0000000000004ad4     UefiMain.obj
 0002:00001ae4       $unwind$UefiMain           0000000000004ae4     UefiMain.obj
 0002:00001b00       $unwind$UnicodeVSPrint     0000000000004b00     BasePrintLib:PrintLib.obj
 0002:00001b00       $unwind$UnicodeVSPrintAsciiFormat 0000000000004b00     BasePrintLib:PrintLib.obj
 0002:00001b14       $unwind$UnicodeSPrint      0000000000004b14     BasePrintLib:PrintLib.obj
 0002:00001b14       $unwind$UnicodeSPrintAsciiFormat 0000000000004b14     BasePrintLib:PrintLib.obj
 0002:00001b1c       $unwind$BasePrintLibValueToString 0000000000004b1c     BasePrintLib:PrintLibInternal.obj
 0002:00001b2c       $unwind$BasePrintLibSPrintMarker 0000000000004b2c     BasePrintLib:PrintLibInternal.obj
 0002:00001b48       $unwind$BasePrintLibSPrint 0000000000004b48     BasePrintLib:PrintLibInternal.obj
 0002:00001b50       $unwind$InternalPrint      0000000000004b50     UefiLib:UefiLibPrint.obj
 0002:00001b68       $unwind$Print              0000000000004b68     UefiLib:UefiLibPrint.obj
 0002:00001b70       $unwind$DebugPrint         0000000000004b70     UefiDebugLibConOut:DebugLib.obj
 0002:00001b7c       $unwind$DebugAssert        0000000000004b7c     UefiDebugLibConOut:DebugLib.obj
 0002:00001b84       $unwind$InternalAllocatePool 0000000000004b84     UefiMemoryAllocationLib:MemoryAllocationLib.obj
 0002:00001b8c       $unwind$FreePool           0000000000004b8c     UefiMemoryAllocationLib:MemoryAllocationLib.obj
 0002:00001b94       $unwind$ProcessLibraryConstructorList 0000000000004b94     GlueLib:initlib.obj
 0003:00000178       CIN                        0000000000005178     UefiMain.obj
 0003:00000180       RT                         0000000000005180     UefiMain.obj
 0003:00000188       COUT                       0000000000005188     UefiMain.obj
 0003:00000190       ST                         0000000000005190     UefiMain.obj
 0003:00000198       BS                         0000000000005198     UefiMain.obj

 Exports

  ordinal    name

