 bootloader

 Timestamp is 67c11ce3 (Fri Feb 28 02:18:11 2025)

 Preferred load address is 0000000000000000

 Start         Length     Name                   Class
 0001:00000000 00001fc3H .text$mn                CODE
 0002:00000000 00001688H .rdata                  DATA
 0002:00001688 00000018H .rdata$voltmd           DATA
 0002:000016a0 00000104H .rdata$zzzdbg           DATA
 0002:000017a4 000000e0H .xdata                  DATA
 0002:00001884 00000000H .edata                  DATA
 0003:00000000 00000140H .data                   DATA
 0003:00000140 000000a0H .bss                    DATA
 0004:00000000 00000114H .pdata                  DATA

  Address         Publics by Value              Rva+Base               Lib:Object

 0000:00000000       __AbsoluteZero             0000000000000000     <absolute>
 0000:00000000       ___safe_se_handler_count   0000000000000000     <absolute>
 0000:00000000       ___safe_se_handler_table   0000000000000000     <absolute>
 0000:00000000       __arm64x_extra_rfe_table   0000000000000000     <absolute>
 0000:00000000       __arm64x_extra_rfe_table_size 0000000000000000     <absolute>
 0000:00000000       __arm64x_native_entrypoint 0000000000000000     <absolute>
 0000:00000000       __arm64x_redirection_metadata 0000000000000000     <absolute>
 0000:00000000       __arm64x_redirection_metadata_count 0000000000000000     <absolute>
 0000:00000000       __dynamic_value_reloc_table 0000000000000000     <absolute>
 0000:00000000       __enclave_config           0000000000000000     <absolute>
 0000:00000000       __guard_check_icall_a64n_fptr 0000000000000000     <absolute>
 0000:00000000       __guard_eh_cont_count      0000000000000000     <absolute>
 0000:00000000       __guard_eh_cont_table      0000000000000000     <absolute>
 0000:00000000       __guard_fids_count         0000000000000000     <absolute>
 0000:00000000       __guard_fids_table         0000000000000000     <absolute>
 0000:00000000       __guard_flags              0000000000000000     <absolute>
 0000:00000000       __guard_iat_count          0000000000000000     <absolute>
 0000:00000000       __guard_iat_table          0000000000000000     <absolute>
 0000:00000000       __guard_longjmp_count      0000000000000000     <absolute>
 0000:00000000       __guard_longjmp_table      0000000000000000     <absolute>
 0000:00000000       __hybrid_auxiliary_delayload_iat 0000000000000000     <absolute>
 0000:00000000       __hybrid_auxiliary_delayload_iat_copy 0000000000000000     <absolute>
 0000:00000000       __hybrid_auxiliary_iat     0000000000000000     <absolute>
 0000:00000000       __hybrid_auxiliary_iat_copy 0000000000000000     <absolute>
 0000:00000000       __hybrid_code_map          0000000000000000     <absolute>
 0000:00000000       __hybrid_code_map_count    0000000000000000     <absolute>
 0000:00000000       __hybrid_image_info_bitfield 0000000000000000     <absolute>
 0000:00000000       __x64_code_ranges_to_entry_points 0000000000000000     <absolute>
 0000:00000000       __x64_code_ranges_to_entry_points_count 0000000000000000     <absolute>
 0001:00000000       BlGetRootDirectory         0000000000001000 f   filesystem.obj
 0001:000000a8       BlListAllFiles             00000000000010a8 f   filesystem.obj
 0001:000001c4       TRY                        00000000000011c4 f   UefiMain.obj
 0001:00000204       UefiMain                   0000000000001204 f   UefiMain.obj
 0001:00000644       getc                       0000000000001644 f   util.obj
 0001:000006a8       UnicodeVSPrint             00000000000016a8 f   BasePrintLib:PrintLib.obj
 0001:00000750       UnicodeSPrint              0000000000001750 f   BasePrintLib:PrintLib.obj
 0001:00000770       UnicodeVSPrintAsciiFormat  0000000000001770 f   BasePrintLib:PrintLib.obj
 0001:000007f0       UnicodeSPrintAsciiFormat   00000000000017f0 f   BasePrintLib:PrintLib.obj
 0001:00000810       BasePrintLibFillBuffer     0000000000001810 f   BasePrintLib:PrintLibInternal.obj
 0001:00000844       BasePrintLibValueToString  0000000000001844 f   BasePrintLib:PrintLibInternal.obj
 0001:000008b8       BasePrintLibSPrintMarker   00000000000018b8 f   BasePrintLib:PrintLibInternal.obj
 0001:000018c4       BasePrintLibSPrint         00000000000028c4 f   BasePrintLib:PrintLibInternal.obj
 0001:000018e8       InternalPrint              00000000000028e8 f   UefiLib:UefiLibPrint.obj
 0001:00001a08       Print                      0000000000002a08 f   UefiLib:UefiLibPrint.obj
 0001:00001a38       DebugPrint                 0000000000002a38 f   UefiDebugLibConOut:DebugLib.obj
 0001:00001acc       DebugAssert                0000000000002acc f   UefiDebugLibConOut:DebugLib.obj
 0001:00001b4c       ZeroMem                    0000000000002b4c f   UefiMemoryLib:ZeroMemWrapper.obj
 0001:00001bd8       InternalAllocatePool       0000000000002bd8 f   UefiMemoryAllocationLib:MemoryAllocationLib.obj
 0001:00001c04       AllocateZeroPool           0000000000002c04 f   UefiMemoryAllocationLib:MemoryAllocationLib.obj
 0001:00001c2c       FreePool                   0000000000002c2c f   UefiMemoryAllocationLib:MemoryAllocationLib.obj
 0001:00001c80       EfiMain                    0000000000002c80 f   UefiApplicationEntryPoint:ApplicationEntryPoint.obj
 0001:00001cb4       ProcessLibraryConstructorList 0000000000002cb4 f   GlueLib:initlib.obj
 0001:00001f64       StrnLenS                   0000000000002f64 f   BaseLib:SafeString.obj
 0002:00000000       ??_C@_1IC@OAGJNALE@?$AA?$FL?$AA?5?$AA?$CF?$AAr?$AA?5?$AA?$FN?$AA?5?$AA?9?$AA?5?$AAF?$AAa?$AAi?$AAl?$AAe?$AAd@ 0000000000003000     filesystem.obj
 0002:00000090       ??_C@_1HA@GAMFNIGI@?$AA?$FL?$AA?5?$AA?$CF?$AAr?$AA?5?$AA?$FN?$AA?5?$AA?9?$AA?5?$AAL?$AAo?$AAa?$AAd?$AAe?$AAd@ 0000000000003090     filesystem.obj
 0002:00000100       ??_C@_1HG@IMHFDKEG@?$AA?$FL?$AA?5?$AA?$CF?$AAr?$AA?5?$AA?$FN?$AA?5?$AA?9?$AA?5?$AAC?$AAo?$AAu?$AAl?$AAd?$AA?5@ 0000000000003100     filesystem.obj
 0002:00000180       ??_C@_1IC@DOCAOPHG@?$AA?$FL?$AA?5?$AA?$CF?$AAr?$AA?5?$AA?$FN?$AA?5?$AA?9?$AA?5?$AAC?$AAo?$AAu?$AAl?$AAd?$AA?5@ 0000000000003180     filesystem.obj
 0002:00000210       ??_C@_1FG@BEBNCDLM@?$AA?$FL?$AA?5?$AA?$CF?$AAr?$AA?5?$AA?$FN?$AA?5?$AA?9?$AA?5?$AAF?$AAa?$AAi?$AAl?$AAe?$AAd@ 0000000000003210     filesystem.obj
 0002:00000268       ??_C@_1CK@PGIALHHC@?$AA?6?$AAD?$AAi?$AAr?$AAe?$AAc?$AAt?$AAo?$AAr?$AAy?$AA?5?$AAl?$AAi?$AAs?$AAt@ 0000000000003268     filesystem.obj
 0002:00000298       ??_C@_1DM@HGPMEFGK@?$AA?$FL?$AA?5?$AA?$CF?$AAr?$AA?5?$AA?$FN?$AA?5?$AA?9?$AA?5?$AAF?$AAa?$AAi?$AAl?$AAe?$AAd@ 0000000000003298     filesystem.obj
 0002:000002d8       ??_C@_1BK@PHEEJGGE@?$AA?5?$AA?5?$AA?$DM?$AAD?$AAI?$AAR?$AA?$DO?$AA?5?$AA?5?$AA?$CF?$AAs?$AA?6@ 00000000000032d8     filesystem.obj
 0002:000002f8       ??_C@_1BE@ELHGABAB@?$AA?5?$AA?5?$AA?$CF?$AAd?$AA?5?$AA?5?$AA?$CF?$AAs?$AA?6@ 00000000000032f8     filesystem.obj
 0002:00000310       ??_C@_1BO@ELJEBIHE@?$AAF?$AAi?$AAl?$AAe?$AA?5?$AAN?$AAa?$AAm?$AAe?$AA?3?$AA?5?$AA?$CF?$AAs?$AA?6@ 0000000000003310     filesystem.obj
 0002:00000330       ??_C@_06CLEOMOHP@OpliOS@   0000000000003330     UefiMain.obj
 0002:00000338       ??_C@_1BK@GKEGGLDF@?$AA?$FL?$AA?5?$AA?$CF?$AAr?$AA?5?$AA?$FN?$AA?5?$AA?9?$AA?5?$AA?$CF?$AAs?$AA?6@ 0000000000003338     UefiMain.obj
 0002:00000358       ??_C@_1CO@FCKDOGEL@?$AAF?$AAa?$AAi?$AAl?$AAe?$AAd?$AA?5?$AAt?$AAo?$AA?5?$AAc?$AAl?$AAe?$AAa?$AAr@ 0000000000003358     UefiMain.obj
 0002:00000388       ??_C@_1M@NBBDDHIO@?$AAw?$AAo?$AAr?$AAl?$AAd@ 0000000000003388     UefiMain.obj
 0002:00000398       ??_C@_1BG@JOLGNJIA@?$AAH?$AAe?$AAl?$AAl?$AAo?$AA?0?$AA?5?$AA?$CF?$AAs?$AA?6@ 0000000000003398     UefiMain.obj
 0002:000003b0       ??_C@_1CG@KJIFFOAI@?$AAF?$AAa?$AAi?$AAl?$AAe?$AAd?$AA?5?$AAt?$AAo?$AA?5?$AAg?$AAe?$AAt?$AA?5?$AAt@ 00000000000033b0     UefiMain.obj
 0002:000003e0       ??_C@_1EK@OHKLGHKH@?$AA?$CF?$AA0?$AA2?$AAd?$AA?1?$AA?$CF?$AA0?$AA2?$AAd?$AA?1?$AA?$CF?$AA0?$AA4?$AAd?$AA?5@ 00000000000033e0     UefiMain.obj
 0002:00000430       ??_C@_1DM@ILLAFNJN@?$AAF?$AAa?$AAi?$AAl?$AAe?$AAd?$AA?5?$AAt?$AAo?$AA?5?$AAc?$AAr?$AAe?$AAa?$AAt@ 0000000000003430     UefiMain.obj
 0002:00000470       ??_C@_1KE@GELFONFM@?$AAC?$AAo?$AAn?$AAt?$AAi?$AAn?$AAu?$AAi?$AAn?$AAg?$AA?5?$AAi?$AAn?$AA?5?$AA?$CF@ 0000000000003470     UefiMain.obj
 0002:00000518       ??_C@_1DG@KPOCOKFJ@?$AA?6?$AAE?$AAr?$AAr?$AAo?$AAr?$AA?5?$AAs?$AAe?$AAt?$AAt?$AAi?$AAn?$AAg?$AA?5@ 0000000000003518     UefiMain.obj
 0002:00000550       ??_C@_1DA@KNBOBFPN@?$AAE?$AAr?$AAr?$AAo?$AAr?$AA?5?$AAr?$AAe?$AAa?$AAd?$AAi?$AAn?$AAg?$AA?5?$AAk@ 0000000000003550     UefiMain.obj
 0002:00000580       ??_C@_1CC@CHEPKNAI@?$AA?6?$AAT?$AAi?$AAm?$AAe?$AAr?$AA?5?$AAs?$AAt?$AAo?$AAp?$AAp?$AAe?$AAd?$AA?4@ 0000000000003580     UefiMain.obj
 0002:000005a4       ??_C@_13LBAGMAIH@?$AA?6@   00000000000035a4     UefiMain.obj
 0002:000005a8       ??_C@_1DK@PKIPGOCN@?$AAE?$AAr?$AAr?$AAo?$AAr?$AA?5?$AAr?$AAe?$AAs?$AAe?$AAt?$AAt?$AAi?$AAn?$AAg@ 00000000000035a8     UefiMain.obj
 0002:000005e4       ??_C@_15JNBOKNOG@?$AA?$AN?$AA?6@ 00000000000035e4     UefiMain.obj
 0002:000005f0       ??_C@_1BAM@BGOKOOIN@?$AAE?$AAF?$AAI?$AA?5?$AAS?$AAy?$AAs?$AAt?$AAe?$AAm?$AA?5?$AAT?$AAa?$AAb?$AAl@ 00000000000035f0     UefiMain.obj
 0002:00000700       ??_C@_1HA@BDLMCKNN@?$AA?5?$AA?5?$AA?5?$AAF?$AAi?$AAr?$AAm?$AAw?$AAa?$AAr?$AAe?$AA?5?$AAV?$AAe?$AAn@ 0000000000003700     UefiMain.obj
 0002:00000770       ??_C@_1GG@DGMLOHCE@?$AA?$FL?$AA?5?$AA?$CF?$AAr?$AA?5?$AA?$FN?$AA?5?$AAF?$AAa?$AAi?$AAl?$AAe?$AAd?$AA?5?$AAt@ 0000000000003770     UefiMain.obj
 0002:000007d8       ??_C@_1BG@FKFBIKEJ@?$AAk?$AAe?$AAr?$AAn?$AAa?$AAl?$AA?4?$AAe?$AAx?$AAe@ 00000000000037d8     UefiMain.obj
 0002:000007f0       ??_C@_1DA@IMKCHMIB@?$AAF?$AAo?$AAu?$AAn?$AAd?$AA?5?$AAk?$AAe?$AAr?$AAn?$AAa?$AAl?$AA?4?$AAe?$AAx@ 00000000000037f0     UefiMain.obj
 0002:00000820       gEfiCallerBaseName         0000000000003820     UefiMain.obj
 0002:00000828       _gUefiDriverRevision       0000000000003828     UefiMain.obj
 0002:0000082c       _PCD_GET_MODE_32_PcdMaximumAsciiStringLength 000000000000382c     GlueLib:pcd.obj
 0002:00000830       mStatusString              0000000000003830     BasePrintLib:PrintLibInternal.obj
 0002:00000968       mHexStr                    0000000000003968     BasePrintLib:PrintLibInternal.obj
 0002:00000978       _PCD_GET_MODE_32_PcdMaximumUnicodeStringLength 0000000000003978     GlueLib:pcd.obj
 0002:0000097c       _PCD_GET_MODE_32_PcdUefiLibMaxPrintBufferSize 000000000000397c     GlueLib:pcd.obj
 0002:00000980       _PCD_GET_MODE_32_PcdFixedDebugPrintErrorLevel 0000000000003980     GlueLib:pcd.obj
 0002:00000984       _PCD_GET_MODE_32_PcdDebugPrintErrorLevel 0000000000003984     GlueLib:pcd.obj
 0002:00000988       mUefiDevicePathLibEndDevicePath 0000000000003988     UefiDevicePathLibDevicePathProtocol:UefiDevicePathLib.obj
 0002:00000990       ??_C@_0CI@BGLNHBLM@?$CI?$CI?$CIUINTN?$CJ?5?$CIStartOfBuffer?$CJ?$CJ?5?$CG?50x@ 0000000000003990     BasePrintLib:PrintLib.obj
 0002:000009c0       ??_C@_0FC@GJJADNOL@C?3?2Users?2Opli?2source?2repos?2Visu@ 00000000000039c0     BasePrintLib:PrintLib.obj
 0002:00000a18       ??_C@_0CH@KJLBGOBB@?$CI?$CI?$CIUINTN?$CJ?5?$CIFormatString?$CJ?$CJ?5?$CG?50x0@ 0000000000003a18     BasePrintLib:PrintLib.obj
 0002:00000a40       ??_C@_07PBILKAFL@Success@  0000000000003a40     BasePrintLib:PrintLibInternal.obj
 0002:00000a48       ??_C@_0BG@CFJMNNJK@Warning?5Unknown?5Glyph@ 0000000000003a48     BasePrintLib:PrintLibInternal.obj
 0002:00000a60       ??_C@_0BH@GKKCJEPJ@Warning?5Delete?5Failure@ 0000000000003a60     BasePrintLib:PrintLibInternal.obj
 0002:00000a78       ??_C@_0BG@ECIJMOED@Warning?5Write?5Failure@ 0000000000003a78     BasePrintLib:PrintLibInternal.obj
 0002:00000a90       ??_C@_0BJ@ODIPDGHB@Warning?5Buffer?5Too?5Small@ 0000000000003a90     BasePrintLib:PrintLibInternal.obj
 0002:00000ab0       ??_C@_0BD@IFJNJCCO@Warning?5Stale?5Data@ 0000000000003ab0     BasePrintLib:PrintLibInternal.obj
 0002:00000ac8       ??_C@_0L@PLPBEPPC@Load?5Error@ 0000000000003ac8     BasePrintLib:PrintLibInternal.obj
 0002:00000ad8       ??_C@_0BC@HOFHKGJN@Invalid?5Parameter@ 0000000000003ad8     BasePrintLib:PrintLibInternal.obj
 0002:00000af0       ??_C@_0M@BEECMOIL@Unsupported@ 0000000000003af0     BasePrintLib:PrintLibInternal.obj
 0002:00000b00       ??_C@_0BA@FLNMPMCF@Bad?5Buffer?5Size@ 0000000000003b00     BasePrintLib:PrintLibInternal.obj
 0002:00000b10       ??_C@_0BB@EGELJFOB@Buffer?5Too?5Small@ 0000000000003b10     BasePrintLib:PrintLibInternal.obj
 0002:00000b28       ??_C@_09NKFGCIPN@Not?5Ready@ 0000000000003b28     BasePrintLib:PrintLibInternal.obj
 0002:00000b38       ??_C@_0N@HHEABDHO@Device?5Error@ 0000000000003b38     BasePrintLib:PrintLibInternal.obj
 0002:00000b48       ??_C@_0BA@LNEDDFNB@Write?5Protected@ 0000000000003b48     BasePrintLib:PrintLibInternal.obj
 0002:00000b58       ??_C@_0BB@GOILNEAA@Out?5of?5Resources@ 0000000000003b58     BasePrintLib:PrintLibInternal.obj
 0002:00000b70       ??_C@_0P@EIOJGIF@Volume?5Corrupt@ 0000000000003b70     BasePrintLib:PrintLibInternal.obj
 0002:00000b80       ??_C@_0M@HDLEPOFA@Volume?5Full@ 0000000000003b80     BasePrintLib:PrintLibInternal.obj
 0002:00000b90       ??_C@_08KEGAJDNN@No?5Media@ 0000000000003b90     BasePrintLib:PrintLibInternal.obj
 0002:00000ba0       ??_C@_0O@JNCJKCCD@Media?5changed@ 0000000000003ba0     BasePrintLib:PrintLibInternal.obj
 0002:00000bb0       ??_C@_09CFCBFJND@Not?5Found@ 0000000000003bb0     BasePrintLib:PrintLibInternal.obj
 0002:00000bc0       ??_C@_0O@NFHOBIDO@Access?5Denied@ 0000000000003bc0     BasePrintLib:PrintLibInternal.obj
 0002:00000bd0       ??_C@_0M@ENKCBFEP@No?5Response@ 0000000000003bd0     BasePrintLib:PrintLibInternal.obj
 0002:00000be0       ??_C@_0L@IFPBNFC@No?5mapping@ 0000000000003be0     BasePrintLib:PrintLibInternal.obj
 0002:00000bf0       ??_C@_08PAFJCNGP@Time?5out@ 0000000000003bf0     BasePrintLib:PrintLibInternal.obj
 0002:00000c00       ??_C@_0M@DCJFAFHJ@Not?5started@ 0000000000003c00     BasePrintLib:PrintLibInternal.obj
 0002:00000c10       ??_C@_0BA@IGIBFFPH@Already?5started@ 0000000000003c10     BasePrintLib:PrintLibInternal.obj
 0002:00000c20       ??_C@_07LCKDCBKK@Aborted@  0000000000003c20     BasePrintLib:PrintLibInternal.obj
 0002:00000c28       ??_C@_0L@LKIFCMNO@ICMP?5Error@ 0000000000003c28     BasePrintLib:PrintLibInternal.obj
 0002:00000c38       ??_C@_0L@DJKNJKHM@TFTP?5Error@ 0000000000003c38     BasePrintLib:PrintLibInternal.obj
 0002:00000c48       ??_C@_0P@NCJHBCLM@Protocol?5Error@ 0000000000003c48     BasePrintLib:PrintLibInternal.obj
 0002:00000c58       ??_C@_0BF@EHOBGFMI@Incompatible?5Version@ 0000000000003c58     BasePrintLib:PrintLibInternal.obj
 0002:00000c70       ??_C@_0BD@KHMPCIOG@Security?5Violation@ 0000000000003c70     BasePrintLib:PrintLibInternal.obj
 0002:00000c88       ??_C@_09BOMAGJEG@CRC?5Error@ 0000000000003c88     BasePrintLib:PrintLibInternal.obj
 0002:00000c98       ??_C@_0N@JEJDHPO@End?5of?5Media@ 0000000000003c98     BasePrintLib:PrintLibInternal.obj
 0002:00000ca8       ??_C@_0O@NMJOLAMF@Reserved?5?$CI29?$CJ@ 0000000000003ca8     BasePrintLib:PrintLibInternal.obj
 0002:00000cb8       ??_C@_0O@GLPDOMCP@Reserved?5?$CI30?$CJ@ 0000000000003cb8     BasePrintLib:PrintLibInternal.obj
 0002:00000cc8       ??_C@_0M@FKGOBENP@End?5of?5File@ 0000000000003cc8     BasePrintLib:PrintLibInternal.obj
 0002:00000cd8       ??_C@_0BB@KFJAMCOC@Invalid?5Language@ 0000000000003cd8     BasePrintLib:PrintLibInternal.obj
 0002:00000cf0       ??_C@_0BB@MFGDFIJM@Compromised?5Data@ 0000000000003cf0     BasePrintLib:PrintLibInternal.obj
 0002:00000d08       ??_C@_0BH@IACGKAP@Buffer?5?$CB?$DN?5?$CI?$CIvoid?5?$CK?$CJ?50?$CJ@ 0000000000003d08     BasePrintLib:PrintLibInternal.obj
 0002:00000d20       ??_C@_0FK@MHLHCADH@C?3?2Users?2Opli?2source?2repos?2Visu@ 0000000000003d20     BasePrintLib:PrintLibInternal.obj
 0002:00000d80       ??_C@_0BJ@CNKJJNE@?$CIBuffer?5?$CB?$DN?5?$CI?$CIvoid?5?$CK?$CJ?50?$CJ?$CJ@ 0000000000003d80     BasePrintLib:PrintLibInternal.obj
 0002:00000da0       ??_C@_0DP@HLMPJDED@?$CIBufferSize?5?$DM?$DN?5?$CI_PCD_GET_MODE_3@ 0000000000003da0     BasePrintLib:PrintLibInternal.obj
 0002:00000de0       ??_C@_0BJ@PPAKKDJG@?$CIFormat?5?$CB?$DN?5?$CI?$CIvoid?5?$CK?$CJ?50?$CJ?$CJ@ 0000000000003de0     BasePrintLib:PrintLibInternal.obj
 0002:00000e00       ??_C@_0EB@GALGBGPL@?$CIBufferSize?5?$DM?$DN?5?$CI_PCD_GET_MODE_3@ 0000000000003e00     BasePrintLib:PrintLibInternal.obj
 0002:00000e50       ??_C@_0II@GOBFNPGB@?$CIStrnLenS?5?$CI?$CICHAR16?5?$CK?$CJFormat?0?5?$CI_@ 0000000000003e50     BasePrintLib:PrintLibInternal.obj
 0002:00000ee0       ??_C@_0HP@IJHCJIFF@?$CIAsciiStrnLenS?5?$CIFormat?0?5?$CI_PCD_G@ 0000000000003ee0     BasePrintLib:PrintLibInternal.obj
 0002:00000f60       ??_C@_0O@MLOLIMFM@?$DMnull?5string?$DO@ 0000000000003f60     BasePrintLib:PrintLibInternal.obj
 0002:00000f70       ??_C@_0M@BJJDNPHK@?$DMnull?5guid?$DO@ 0000000000003f70     BasePrintLib:PrintLibInternal.obj
 0002:00000f80       ??_C@_0DB@PMLHLBMO@?$CF08x?9?$CF04x?9?$CF04x?9?$CF02x?$CF02x?9?$CF02x?$CF02@ 0000000000003f80     BasePrintLib:PrintLibInternal.obj
 0002:00000fb8       ??_C@_0M@LHGBCIKM@?$DMnull?5time?$DO@ 0000000000003fb8     BasePrintLib:PrintLibInternal.obj
 0002:00000fc8       ??_C@_0BK@FCPKCIDD@?$CF02d?1?$CF02d?1?$CF04d?5?5?$CF02d?3?$CF02d@ 0000000000003fc8     BasePrintLib:PrintLibInternal.obj
 0002:00000fe4       ??_C@_04JIMNDDED@?$CF08X@  0000000000003fe4     BasePrintLib:PrintLibInternal.obj
 0002:00000fec       ??_C@_02PCIJFNDE@?$AN?6@   0000000000003fec     BasePrintLib:PrintLibInternal.obj
 0002:00000ff0       ??_C@_01LIIJDEN@?$AN@      0000000000003ff0     BasePrintLib:PrintLibInternal.obj
 0002:00000ff8       ??_C@_0BH@LKMBFCBF@Format?5?$CB?$DN?5?$CI?$CIvoid?5?$CK?$CJ?50?$CJ@ 0000000000003ff8     UefiLib:UefiLibPrint.obj
 0002:00001010       ??_C@_0FB@KNLNFFMO@C?3?2Users?2Opli?2source?2repos?2Visu@ 0000000000004010     UefiLib:UefiLibPrint.obj
 0002:00001068       ??_C@_0CD@NJDNMGBE@?$CI?$CIUINTN?$CJ?5Format?5?$CG?50x00000001?$CJ?5?$DN@ 0000000000004068     UefiLib:UefiLibPrint.obj
 0002:00001090       ??_C@_0BI@DIKLKBJC@Console?5?$CB?$DN?5?$CI?$CIvoid?5?$CK?$CJ?50?$CJ@ 0000000000004090     UefiLib:UefiLibPrint.obj
 0002:000010a8       ??_C@_0BN@COECPDCC@gImageHandle?5?$CB?$DN?5?$CI?$CIvoid?5?$CK?$CJ?50?$CJ@ 00000000000040a8     UefiBootServicesTableLib:UefiBootServicesTableLib.obj
 0002:000010d0       ??_C@_0GO@HHCHPEOF@C?3?2Users?2Opli?2source?2repos?2Visu@ 00000000000040d0     UefiBootServicesTableLib:UefiBootServicesTableLib.obj
 0002:00001140       ??_C@_0BE@DGNHAHIL@gST?5?$CB?$DN?5?$CI?$CIvoid?5?$CK?$CJ?50?$CJ@ 0000000000004140     UefiBootServicesTableLib:UefiBootServicesTableLib.obj
 0002:00001158       ??_C@_0BE@BDFJLGLN@gBS?5?$CB?$DN?5?$CI?$CIvoid?5?$CK?$CJ?50?$CJ@ 0000000000004158     UefiBootServicesTableLib:UefiBootServicesTableLib.obj
 0002:00001170       ??_C@_0FI@CDONBHF@C?3?2Users?2Opli?2source?2repos?2Visu@ 0000000000004170     UefiDebugLibConOut:DebugLib.obj
 0002:000011c8       ??_C@_0BI@NOCKJDBJ@ASSERT?5?$FL?$CFa?$FN?5?$CFa?$CI?$CFd?$CJ?3?5?$CFa?6@ 00000000000041c8     UefiDebugLibConOut:DebugLib.obj
 0002:000011e0       ??_C@_0FJ@IDNJDFEF@C?3?2Users?2Opli?2source?2repos?2Visu@ 00000000000041e0     UefiMemoryLib:ZeroMemWrapper.obj
 0002:00001240       ??_C@_0DG@EEENIGGL@Length?5?$DM?$DN?5?$CI0xFFFFFFFFFFFFFFFFUL@ 0000000000004240     UefiMemoryLib:ZeroMemWrapper.obj
 0002:00001280       ??_C@_0GI@NCMNDGAA@C?3?2Users?2Opli?2source?2repos?2Visu@ 0000000000004280     UefiMemoryAllocationLib:MemoryAllocationLib.obj
 0002:000012e8       ??_C@_0CB@DMEJJJHA@?6ASSERT_EFI_ERROR?5?$CIStatus?5?$DN?5?$CFr?$CJ@ 00000000000042e8     UefiMemoryAllocationLib:MemoryAllocationLib.obj
 0002:00001310       ??_C@_0BE@DCHLEIGN@?$CBEFI_ERROR?5?$CIStatus?$CJ@ 0000000000004310     UefiMemoryAllocationLib:MemoryAllocationLib.obj
 0002:00001330       ??_C@_0EO@KMECCANK@C?3?2Users?2Opli?2source?2repos?2Visu@ 0000000000004330     BaseLib:Unaligned.obj
 0002:00001380       ??_C@_0N@KGHEHMDL@Divisor?5?$CB?$DN?50@ 0000000000004380     BaseLib:DivU64x32Remainder.obj
 0002:00001390       ??_C@_0FH@JCJEOJHA@C?3?2Users?2Opli?2source?2repos?2Visu@ 0000000000004390     BaseLib:DivU64x32Remainder.obj
 0002:000013e8       ??_C@_0CD@BDCLIGHD@?$CI?$CIUINTN?$CJ?5String?5?$CG?50x00000001?$CJ?5?$DN@ 00000000000043e8     BaseLib:SafeString.obj
 0002:00001410       ??_C@_0EP@GFFMGEKL@C?3?2Users?2Opli?2source?2repos?2Visu@ 0000000000004410     BaseLib:SafeString.obj
 0002:00001460       ??_C@_0BE@OBDFIHND@gRT?5?$CB?$DN?5?$CI?$CIvoid?5?$CK?$CJ?50?$CJ@ 0000000000004460     UefiRuntimeServicesTableLib:UefiRuntimeServicesTableLib.obj
 0002:00001480       ??_C@_0HE@NOMNGPNH@C?3?2Users?2Opli?2source?2repos?2Visu@ 0000000000004480     UefiRuntimeServicesTableLib:UefiRuntimeServicesTableLib.obj
 0002:00001500       ??_C@_0HC@GFONKHIP@C?3?2Users?2Opli?2source?2repos?2Visu@ 0000000000004500     UefiDevicePathLibDevicePathProtocol:UefiDevicePathLib.obj
 0002:00001578       ??_C@_0DC@CNNBPJA@mDevicePathLibDevicePathUtiliti@ 0000000000004578     UefiDevicePathLibDevicePathProtocol:UefiDevicePathLib.obj
 0002:000015b0       ??_C@_0GI@LLLCGPMB@C?3?2Users?2Opli?2source?2repos?2Visu@ 00000000000045b0     UefiHiiServicesLib:UefiHiiServicesLib.obj
 0002:00001688       __volatile_metadata        0000000000004688     <linker-defined>
 0003:00000000       gEfiFileInfoGuid           0000000000005000     GlueLib:guid.obj
 0003:00000010       gEfiGlobalVariableGuid     0000000000005010     GlueLib:guid.obj
 0003:00000020       gEfiSimpleTextOutProtocolGuid 0000000000005020     GlueLib:guid.obj
 0003:00000030       gEfiDevicePathProtocolGuid 0000000000005030     GlueLib:guid.obj
 0003:00000040       gEfiDevicePathToTextProtocolGuid 0000000000005040     GlueLib:guid.obj
 0003:00000050       gEfiHiiConfigRoutingProtocolGuid 0000000000005050     GlueLib:guid.obj
 0003:00000060       gEfiHiiImageProtocolGuid   0000000000005060     GlueLib:guid.obj
 0003:00000070       gEfiDevicePathUtilitiesProtocolGuid 0000000000005070     GlueLib:guid.obj
 0003:00000080       gEfiDevicePathFromTextProtocolGuid 0000000000005080     GlueLib:guid.obj
 0003:00000090       gEfiGraphicsOutputProtocolGuid 0000000000005090     GlueLib:guid.obj
 0003:000000a0       gEfiHiiDatabaseProtocolGuid 00000000000050a0     GlueLib:guid.obj
 0003:000000b0       gEfiSimpleFileSystemProtocolGuid 00000000000050b0     GlueLib:guid.obj
 0003:000000c0       gEfiHiiStringProtocolGuid  00000000000050c0     GlueLib:guid.obj
 0003:000000d0       gEfiUgaDrawProtocolGuid    00000000000050d0     GlueLib:guid.obj
 0003:000000e0       gEfiHiiFontProtocolGuid    00000000000050e0     GlueLib:guid.obj
 0003:000000f0       mEfiColors                 00000000000050f0     UefiLib:UefiLibPrint.obj
 0003:00000140       gImageHandle               0000000000005140     UefiBootServicesTableLib:UefiBootServicesTableLib.obj
 0003:00000148       gBS                        0000000000005148     UefiBootServicesTableLib:UefiBootServicesTableLib.obj
 0003:00000150       gST                        0000000000005150     UefiBootServicesTableLib:UefiBootServicesTableLib.obj
 0003:00000158       _PCD_GET_MODE_8_PcdDebugPropertyMask 0000000000005158     GlueLib:pcd.obj
 0003:00000160       gRT                        0000000000005160     UefiRuntimeServicesTableLib:UefiRuntimeServicesTableLib.obj
 0003:00000168       mDevicePathLibDevicePathUtilities 0000000000005168     UefiDevicePathLibDevicePathProtocol:UefiDevicePathLib.obj
 0003:00000170       gHiiString                 0000000000005170     UefiHiiServicesLib:UefiHiiServicesLib.obj
 0003:00000178       gHiiFont                   0000000000005178     UefiHiiServicesLib:UefiHiiServicesLib.obj
 0003:00000180       gHiiConfigRouting          0000000000005180     UefiHiiServicesLib:UefiHiiServicesLib.obj
 0003:00000188       gHiiImage                  0000000000005188     UefiHiiServicesLib:UefiHiiServicesLib.obj
 0003:00000190       gHiiDatabase               0000000000005190     UefiHiiServicesLib:UefiHiiServicesLib.obj
 0003:000001d8       LAST_ERROR                 00000000000051d8     <common>

 entry point at        0001:00001c80

 Static symbols

 0002:000017a4       $unwind$BlGetRootDirectory 00000000000047a4     filesystem.obj
 0002:000017ac       $unwind$BlListAllFiles     00000000000047ac     filesystem.obj
 0002:000017bc       $unwind$TRY                00000000000047bc     UefiMain.obj
 0002:000017bc       $unwind$StrnLenS           00000000000047bc     BaseLib:SafeString.obj
 0002:000017bc       $unwind$EfiMain            00000000000047bc     UefiApplicationEntryPoint:ApplicationEntryPoint.obj
 0002:000017bc       $unwind$AllocateZeroPool   00000000000047bc     UefiMemoryAllocationLib:MemoryAllocationLib.obj
 0002:000017c4       $unwind$UefiMain           00000000000047c4     UefiMain.obj
 0002:000017d4       $unwind$getc               00000000000047d4     util.obj
 0002:000017dc       $unwind$UnicodeVSPrint     00000000000047dc     BasePrintLib:PrintLib.obj
 0002:000017dc       $unwind$UnicodeVSPrintAsciiFormat 00000000000047dc     BasePrintLib:PrintLib.obj
 0002:000017f0       $unwind$UnicodeSPrint      00000000000047f0     BasePrintLib:PrintLib.obj
 0002:000017f0       $unwind$UnicodeSPrintAsciiFormat 00000000000047f0     BasePrintLib:PrintLib.obj
 0002:000017f8       $unwind$BasePrintLibValueToString 00000000000047f8     BasePrintLib:PrintLibInternal.obj
 0002:00001808       $unwind$BasePrintLibSPrintMarker 0000000000004808     BasePrintLib:PrintLibInternal.obj
 0002:00001824       $unwind$BasePrintLibSPrint 0000000000004824     BasePrintLib:PrintLibInternal.obj
 0002:0000182c       $unwind$InternalPrint      000000000000482c     UefiLib:UefiLibPrint.obj
 0002:00001844       $unwind$Print              0000000000004844     UefiLib:UefiLibPrint.obj
 0002:0000184c       $unwind$DebugPrint         000000000000484c     UefiDebugLibConOut:DebugLib.obj
 0002:00001858       $unwind$DebugAssert        0000000000004858     UefiDebugLibConOut:DebugLib.obj
 0002:00001860       $unwind$ZeroMem            0000000000004860     UefiMemoryLib:ZeroMemWrapper.obj
 0002:0000186c       $unwind$FreePool           000000000000486c     UefiMemoryAllocationLib:MemoryAllocationLib.obj
 0002:0000186c       $unwind$InternalAllocatePool 000000000000486c     UefiMemoryAllocationLib:MemoryAllocationLib.obj
 0002:00001874       $unwind$ProcessLibraryConstructorList 0000000000004874     GlueLib:initlib.obj
 0003:00000130       __FileSystemProtoclGUID__  0000000000005130     filesystem.obj
 0003:00000198       FILE_SYSTEM_STATUS         0000000000005198     filesystem.obj
 0003:000001a0       CurrentDirectory           00000000000051a0     filesystem.obj
 0003:000001a8       LoadedImage                00000000000051a8     filesystem.obj
 0003:000001b0       FILE_SYSTEM_STATUS         00000000000051b0     UefiMain.obj
 0003:000001b8       CIN                        00000000000051b8     UefiMain.obj
 0003:000001c0       RT                         00000000000051c0     UefiMain.obj
 0003:000001c8       COUT                       00000000000051c8     UefiMain.obj
 0003:000001d0       ST                         00000000000051d0     UefiMain.obj

 Exports

  ordinal    name

